[    0.0000] Luxversio 45.0-66eneric (buddlgw0am64-0) gccveio 7.4.0 (Ubuu .4.0-1buu1~1.01)) #5-untu SMP Tue Oct 1 05:24:09 UTC 2019 (Ubuntu 4.15.0-66.75-generic 4.15.18)
[    0.000000] Command line: BOOT_IMAGE=/boot/vmlinuz-4.15.0-66-generic root=UUID=97d40779-9bee-4a51-9ad1-c56895f577ca ro console=tty1 console=ttyS0
[    0.000000] KERNEL supported cpus:
[    0.000000]   Intel GenuineIntel
[    0.000000]   AMD AuthenticAMD
[    0.000000]   Centaur CentaurHauls
[    0.000000] x86/fpu: Supporting XSAVE feature 0x001: 'x87 floating point registers'
[    0.000000] x86/fpu: Supporting XSAVE feature 0x002: 'SSE registers'
[    0.000000] x86/fpu: Supporting XSAVE feature 0x004: 'AVX registers'
[    0.000000] x86/fpu: xstate_offset[2]:  576, xstate_sizes[2]:  256
[    0.000000] x86/fpu: Enabled xstate features 0x7, context size is 832 bytes, using 'standard' format.
[    0.000000] e820: BIOS-provided physical RAM map:
[    0.000000] BIOS-e820: [mem 0x0000000000000000-0x000000000009fbff] usable
[    0.000000] BIOS-e820: [mem 0x000000000009fc00-0x000000000009ffff] reserved
[    0.0000 BI-e20: me0x00000000f000-0000000000fff] reerd
[   .00000] IO-e820: [mem 0x000000010000-x000003ffeff] sae
[  0000000 BS-e820 [m 0x000003ff00-0x000000003fffffff] ACPI data
[    0.000000] BIOS-e820: [mem 0x00000000fec00000-0x00000000fec00fff] reserved
[    0.000000] BIOS-e820: [mem 0x00000000fee00000-0x0000000fee00fff] reserved
[    0.000000] BIOS-e820: [mem 0x00000000fffc0000-0x00000000ffffffff] reserved
[    0.000000] NX (Execute Disable) protection: active
[    0.000000] SMBIOS 2.5 present.
[    0.000000] DMI: innotek GmbH VirtualBox/VirtualBox, BIOS VirtualBox 12/01/2006
[    0.00000] Hypervisor detected: KVM
[    0.000000] e820: last_pfn = 0x3fff0 max_arch_pfn = 0x400000000
[    0.000000] MTRR: Disabled
[    0.000000] x86/PAT: MTRRs disabled, skipping PAT initialization too.
[    0.000000] CPU MTRRs all blank - virtualized system.
[    0.000000] x86/PAT: Configuration [0-7]: WB  WT  UC- UC  WB  WT  UC- UC  
[    0.000000] found SMP MP-table at [mem 0x0009fff0-0x0009ffff]
[    0.000000] Scanning 1 areas for low memory corruption
[    0.000000] RAMDISK: [mem 0x3597f000-0x36cb6fff]
[    0.000000] ACPI: Early table checksum verification disabled
[    0.000000] ACPI: RSDP 0x00000000000E0000 000024 (v02 VBOX  )
[    0.000000] ACPI: XSDT 0x000000003FFF0030 00003C (v01 VBOX   VBOXXSDT 00000001 ASL  00000061)
[    0.000000] ACPI: FACP 0x000000003FFF00F0 000 (v0 VX   BOACP 00001 ASL  0000061)
[    0.000000] ACPI: DSDT 0x000000003FFF0470 0021FF (v02 VBOX   VBOXBIOS 00000002 INTL 20100528)
[    0.000000] ACPI: FACS 0x000000003FFF0200 000040
[    0.000000] ACPI: FACS 0x000000003FFF0200 000040
[    0.00000] APIAPIC 0x000003FFF020 005C(v VBOX  VXAPIC 000001AS 0000061
[    0.000] ACP: DT 0x000003F020 0001C v01 VBX  VBOXCPUT 00000002 INTL 20100528)
[   0.000000] No NUMA configuration found
[    0.0000000] Faking a node at [mem 0x0000000000000000-0x000000003ffeffff]
[    0.000000] NODE_DATA(0) allocated [mem 0x3ffc5000-0x3ffeffff]
[    0.000000] kvm-clock: cpu 0, msr 0:3ff44001, primary cpu clock
[    0.000000] kvm-clock: Using msrs 4b54d01 and 4b564d00
[    0.000000] kvm-clock: using sched offset of 3758576009 cycles
[    0.000000] clocksource: kvm-clock: mask: 0xffffffffffffffff max_cycles: 0x1cd42e4dffb, max_idle_ns: 881590591483 ns
[    0.000000] Zone ranges:
[    0.000000]   DMA      [mem 0x0000000000001000-0x0000000000ffffff]
[    0.000000]   DMA32    [mem 0x0000000001000000-0x000000003ffeffff]
[    0.000000]   Normal   empty
[    0.000000]   Device   empty
[    0.000000] Movable zone start for each node
[    0.000000] Early memory node ranges
[    0.000000]   node   0: [mem 0x0000000000001000-0x000000000009efff]
[    0.000000]   node   0: [mem 0x0000000000100000-0x000000003ffeffff]
[    0.000000] Reserved but unavailable: 98 pages
[    0.000000] Initmem setup node 0 [mem 0x0000000000001000-0x000000003ffeffff]
[    0.000000] ACPI: PM-Timer IO Port: 0x008    0.000] IOAPC[: apc_ 2, verson2, addes0xfec00000,SI 0-23
   .00000ACPI: IT_RCOVR (b 0bus_iq globa_i 2 dfl fl
[   .00000ACI: INT_SRC_OVR bus  b_irq 9 globairq 9 low level)
[    0.000000] Using ACPI (MADT) for SMP configuration informaton
[    .0000] smpoo: Alowg 2 Cs,0 hotpug CPU
[    0.000000] : egistered nosavmemo: mem 0000000-x000ff][   0.0000PM Regiserd noavmemory [m 0x00000-0x00fff]
[    0.000000] PM: Registered nosave memory: [mem 0x000a0000-0x000effff]
[    0.000000] PM: Registered nosave memory: [mem 0x000f0000-0x000fffff]
[    0.000000] e820: [mem 0x40000000-0xfebfffff] available for PCI devices
[    0.000000] Booting paravirtualized kernel on KVM
[    0.000000] clocksource: refined-jiffies: mask: 0xffffffff max_cycles: 0xffffffff, max_idle_ns: 64551960021156 n
[    0.000000] random: get_random_bte calle fm start_erl+0x/0x4d with cr_init=0
[   .0000 set_prcpu: NR_CS:8192 nr_cpumask_bits:2 nr_cpu_ids:2 nnnode_ds
[    0.000] perpuEmbede46 pgecpu 1552 r8192 d286 u1048576
   0.0000] PV qspinlock hash table entries: 56 (order: 0, 4096 bytes)
[    0.000000] Built 1 zonelists, mobility grouping on.  Total pages: 257913
[    0.000000] Policy zone: DMA32
[    0.000000] Kernel command line: BOOT_IMAE=/boot/vmlinuz-4.15.0-66-generic root=UUID=97d40779-9bee-4a51-9ad1-c56895f577ca ro console=tty1 console=ttyS0
[    0.000000] Memory: 982900K/1048120K available (12300K kernel code, 2481K rwdata, 4260K rodata, 2436K init, 2388K bss, 65220K reserved, 0K cma-reserved)
[    0.000000] SLUB: HWalign=64, Order=0-3, MinObjects=0, CPUs=2, Nodes=1
[    0.000000] Kernel/User page tables isolation: enabled
[    0.000000] ftrace: allocating 39306 entries in 154 pages
[    0.004000] Hierarchical RCU implementation.
[    0.004000] 	RCU restricting CPUs from NR_CPUS=8192 to nr_cpu_ids=2.
[    0.004000] 	Tasks RCU enabled.
[    0.004000] RCU: Adjusting geometry for rcu_fanout_leaf=16, nr_cpu_ids=2
[    0.004000] NR_IRQS: 524544, nr_irqs: 440, preallocated irqs: 16
[    0.004000] Conole: clo VA+ 80x5
[    .0000] cnse [tty1] enale
[    00400] conse ttyS0 ebled
  0.004000] API Core reison 27031
[   00400]CPI: 2 ACPI MLtabls ccessfllacquir ad loaded
    0.004000] APIC: Switch to symmetric I/O mode setup
[    0.004283] x2apic enabled
[    0.005121]Switched APIC routing to physical x2apic.
[    0.008851] ..TIMER: vector=0x30 apic1=0 pin1=2 apic2=-1 pin2=-1
[    0.012003] tsc: Detected 1391.999 MHz processor
[    0.016012] Calibrating delay loop (skipped) preset value.. 2783.99 BogoMIPS (lpj=5567996)
[    0.017695] pid_max: default: 32768 minimum: 301
[    0.018912] Security Framework initialized
[    0.020009] Yama: becoming mindful.
[    0.024043] AppArmor: AppArmor initialized
[    0.028133] Dentry cache hash table entries: 131072 (order: 8, 1048576 bytes)
[    0.032110] Inode-cache hash table entries: 65536 (order: 7, 524288 bytes)
[    0.036033] Mount-cache hash table entries: 2048 (order: 2, 16384 bytes)
[    0.040017] Mountpoint-cache hash table entries: 2048 (order: 2, 16384 bytes)
[    0.044235] Last level iTLB entries: 4KB 64, 2MB 8, 4MB 8
[    0.048020] Last level dTLB entries: 4KB 64, 2MB 0, 4MB 0, 1GB 4
[    0.050177] Spectre V1 : Mitigation: usercopy/swapgs barriers and __user pointer sanitization
[    0.052008] Spectre V2 : Mitigation: Full generic retpoline
[    0.056007] Spectre V2 : Spectre v2 / SpectreRSB mitigation: Filling RSB on context switch
[    0.060006] Speculative Store Bypass: Vulnerable
[    0.061093] MDS: Vulnerable: Clear CPU buffers attempted, no microcode
[    0.064062] Freeing SMP alternatives memory: 36K
[    0.175103] smpboot: CPU0: Intel(R) Core(TM) i5-8257U CPU @ 1.40GHz (family: 0x6, model: 0x8e, stepping: 0xa)
[    0.176097] Performance Events: unsupported p6 CPU model 142 no PMU driver, software events only.
[    0.180056] Hierarchical SRCU implementation.
[    0.184522] NMI watchdog: Perf event create on CPU 0 failed with -2
[    0.188006] NMI watchdog: Perf NMI watchdog permanently disabled
[    0.192076] smp: Bringing up secondary CPUs ...
[    0.196089] x86: Booting SMP configuration:
[    0.200004] .... node  #0, CPUs:      #1
[    0.004000] kvm-clock: cpu 1, msr 0:3ff44041, secondary cpu clock
[    0.396025] smp: Brought up 1 node, 2 CPUs
[    0.397006] smpboot: Max logical packages: 1
[    0.400006] smpboot: Total of 2 processors activated (5567.99 BogoMIPS)
[    0.404149] devtmpfs: initialized
[    0.404795] x86/mm: Memory block size: 128MB
[    0.405995] evm: security.selinux
[    0.408003] evm: security.SMACK64
[    0.411304] evm: security.SMACK64EXEC
[    0.412003] evm: security.SMACK64TRANSMUTE
[    0.412955] evm: security.SMACK64MMAP
[    0.413849] evm: security.apparmor
[    0.414696] evm: security.ima
[    0.416002] evm: security.capability
[    0.416866] clocksource: jiffies: mask: 0xffffffff max_cycles: 0xffffffff, max_idle_ns: 7645041785100000 ns
[    0.420012] futex hash table entries: 512 (order: 3, 32768 bytes)
[    0.422707] pinctrl core: initialized pinctrl subsystem
[    0.424106] RTC time:  8:10:09, date: 11/25/19
[    0.425362] NET: Registered protocol family 16
[    0.426444] audit: initializing netlink subsys (disabled)
[    0.428050] audit: type=2000 audit(1574669405.458:1): state=initialized audit_enabled=0 res=1
[    0.428142] cpuidle: using governor ladder
[    0.428943] cpuidle: using governor menu
[    0.432037] ACPI: bus type PCI registered
[    0.433015] acpiphp: ACPI Hot Plug PCI Controller Driver version: 0.5
[    0.434858] PCI: Using configuration type 1 for base access
[    0.436771] HugeTLB registered 2.00 MiB page size, pre-allocated 0 pages
[    0.437196] ACPI: Added _OSI(Module Device)
[    0.437196] ACPI: Added _OSI(Processor Device)
[    0.440006] ACPI: Added _OSI(3.0 _SCP Extensions)
[    0.440842] ACPI: Added _OSI(Processor Aggregator Device)
[    0.441772] ACPI: Added _OSI(Linux-Dell-Video)
[    0.442585] ACPI: Added _OSI(Linux-Lenovo-NV-HDMI-Audio)
[    0.443502] ACPI: Added _OSI(Linux-HPI-Hybrid-Graphics)
[    0.444329] ACPI: Executed 1 blocks of module-level executable AML code
[    0.448739] ACPI: Interpreter enabled
[    0.449443] ACPI: (supports S0 S5)
[    0.450061] ACPI: Using IOAPIC for interrupt routing
[    0.451120] PCI: Using host bridge windows from ACPI; if necessary, use "pci=nocrs" and report a bug
[    0.452177] ACPI: Enabled 2 GPEs in block 00 to 07
[    0.458763] ACPI: PCI Root Bridge [PCI0] (domain 0000 [bus 00-ff])
[    0.460016] acpi PNP0A03:00: _OSC: OS supports [ASPM ClockPM Segments MSI]
[    0.464042] acpi PNP0A03:00: _OSC: not requesting OS control; OS requires [ExtendedConfig ASPM ClockPM MSI]
[    0.468020] acpi PNP0A03:00: fail to add MMCONFIG information, can't access extended PCI configuration space under this bridge.
[    0.472497] PCI host bridge to bus 0000:00
[    0.476007] pci_bus 0000:00: root bus resource [io  0x0000-0x0cf7 window]
[    0.480006] pci_bus 0000:00: root bus resource [io  0x0d00-0xffff window]
[    0.484008] pci_bus 0000:00: root bus resource [mem 0x000a0000-0x000bffff window]
[    0.488005] pci_bus 0000:00: root bus resource [mem 0x40000000-0xfdffffff window]
[    0.492008] pci_bus 0000:00: root bus resource [bus 00-ff]
[    0.500501] pci 0000:00:01.1: legacy IDE quirk: reg 0x10: [io  0x01f0-0x01f7]
[    0.504010] pci 0000:00:01.1: legacy IDE quirk: reg 0x14: [io  0x03f6]
[    0.508004] pci 0000:00:01.1: legacy IDE quirk: reg 0x18: [io  0x0170-0x0177]
[    0.512004] pci 0000:00:01.1: legacy IDE quirk: reg 0x1c: [io  0x0376]
[    0.529317] pci 0000:00:07.0: quirk: [io  0x4000-0x403f] claimed by PIIX4 ACPI
[    0.530974] pci 0000:00:07.0: quirk: [io  0x4100-0x410f] claimed by PIIX4 SMB
[    0.542504] ACPI: PCI Interrupt Link [LNKA] (IRQs 5 9 10 *11)
[    0.543796] ACPI: PCI Interrupt Link [LNKB] (IRQs 5 9 *10 11)
[    0.544111] ACPI: PCI Interrupt Link [LNKC] (IRQs 5 *9 10 11)
[    0.545206] ACPI: PCI Interrupt Link [LNKD] (IRQs 5 9 10 *11)
[    0.546513] SCSI subsystem initialized
[    0.548075] pci 0000:00:02.0: vgaarb: setting as boot VGA device
[    0.549106] pci 0000:00:02.0: vgaarb: VGA device added: decodes=io+mem,owns=io+mem,locks=none
[    0.549106] pci 0000:00:02.0: vgaarb: bridge control possible
[    0.704007] vgaarb: loaded
[    0.792056] ACPI: bus type USB registered
[    0.920046] usbcore: registered new interface driver usbfs
[    1.084033] usbcore: registered new interface driver hub
[    1.244066] usbcore: registered new device driver usb
[    1.400067] EDAC MC: Ver: 3.0.0
[    1.492126] PCI: Using ACPI for IRQ routing
[    1.584437] NetLabel: Initializing
[    1.587548] NetLabel:  domain hash size = 128
[    1.588002] NetLabel:  protocols = UNLABELED CIPSOv4 CALIPSO
[    1.596023] NetLabel:  unlabeled traffic allowed by default
[    1.596112] clocksource: Switched to clocksource kvm-clock
[    1.613192] VFS: Disk quotas dquot_6.6.0
[    1.614316] VFS: Dquot-cache hash table entries: 512 (order 0, 4096 bytes)
[    1.616004] AppArmor: AppArmor Filesystem Enabled
[    1.622210] pnp: PnP ACPI init
[    1.623937] pnp: PnP ACPI: found 3 devices
[    1.630364] clocksource: acpi_pm: mask: 0xffffff max_cycles: 0xffffff, max_idle_ns: 2085701024 ns
[    1.874262] NET: Registered protocol family 2
[    1.914605] TCP established hash table entries: 8192 (order: 4, 65536 bytes)
[    1.921483] TCP bind hash table entries: 8192 (order: 5, 131072 bytes)
[    1.926782] TCP: Hash tables configured (established 8192 bind 8192)
[    1.930172] UDP hash table entries: 512 (order: 2, 16384 bytes)
[    1.931478] UDP-Lite hash table entries: 512 (order: 2, 16384 bytes)
[    1.932968] NET: Registered protocol family 1
[    1.933938] pci 0000:00:00.0: Limiting direct PCI/PCI transfers
[    1.935242] pci 0000:00:01.0: Activating ISA DMA hang workarounds
[    1.936609] pci 0000:00:02.0: Video device with shadowed ROM at [mem 0x000c0000-0x000dffff]
[    1.938446] Unpacking initramfs...
[    2.210629] Freeing initrd memory: 19680K
[    2.372257] clocksource: tsc: mask: 0xffffffffffffffff max_cycles: 0x14109a24aaa, max_idle_ns: 440795250993 ns
[    2.627441] platform rtc_cmos: registered platform RTC device (no PNP device found)
[    2.655112] Scanning for low memory corruption every 60 seconds
[    2.656735] Initialise system trusted keyrings
[    2.680795] Key type blacklist registered
[    2.683860] workingset: timestamp_bits=36 max_order=18 bucket_order=0
[    2.686403] zbud: loaded
[    2.689391] squashfs: version 4.0 (2009/01/31) Phillip Lougher
[    2.690870] fuse init (API version 7.26)
[    2.696714] Key type asymmetric registered
[    2.697668] Asymmetric key parser 'x509' registered
[    2.698755] Block layer SCSI generic (bsg) driver version 0.4 loaded (major 246)
[    2.700507] io scheduler noop registered
[    2.701419] io scheduler deadline registered
[    2.702435] io scheduler cfq registered (default)
[    2.706413] ACPI: AC Adapter [AC] (off-line)
[    2.707487] input: Power Button as /devices/LNXSYSTM:00/LNXPWRBN:00/input/input0
[    2.709269] ACPI: Power Button [PWRF]
[    2.710020] input: Sleep Button as /devices/LNXSYSTM:00/LNXSLPBN:00/input/input1
[    2.711312] ACPI: Sleep Button [SLPF]
[    2.712342] Serial: 8250/16550 driver, 32 ports, IRQ sharing enabled
[    2.713317] ACPI: Battery Slot [BAT0] (battery present)
[    2.737216] 00:02: ttyS0 at I/O 0x3f8 (irq = 4, base_baud = 115200) is a 16550A
[    2.813514] Linux agpgart interface v0.103
[    2.889537] loop: module loaded
[    2.986013] scsi host0: ata_piix
[    3.082648] scsi host1: ata_piix
[    3.182342] ata1: PATA max UDMA/33 cmd 0x1f0 ctl 0x3f6 bmdma 0xd000 irq 14
[    3.380833] ata2: PATA max UDMA/33 cmd 0x170 ctl 0x376 bmdma 0xd008 irq 15
[    3.552658] libphy: Fixed MDIO Bus: probed
[    3.702677] tun: Universal TUN/TAP device driver, 1.6
[    3.772169] PPP generic driver version 2.4.2
[    3.773329] ehci_hcd: USB 2.0 'Enhanced' Host Controller (EHCI) Driver
[    3.777644] ehci-pci: EHCI PCI platform driver
[    3.778819] ehci-platform: EHCI generic platform driver
[    3.780164] ohci_hcd: USB 1.1 'Open' Host Controller (OHCI) Driver
[    3.781670] ohci-pci: OHCI PCI platform driver
[    3.782715] ohci-platform: OHCI generic platform driver
[    3.785104] uhci_hcd: USB Universal Host Controller Interface driver
[    3.786610] i8042: PNP: PS/2 Controller [PNP0303:PS2K,PNP0f03:PS2M] at 0x60,0x64 irq 1,12
[    3.789166] serio: i8042 KBD port at 0x60,0x64 irq 1
[    3.790329] serio: i8042 AUX port at 0x60,0x64 irq 12
[    3.793405] mousedev: PS/2 mouse device common for all mice
[    3.794821] input: AT Translated Set 2 keyboard as /devices/platform/i8042/serio0/input/input2
[    3.801436] rtc_cmos rtc_cmos: rtc core: registered rtc_cmos as rtc0
[    3.802817] rtc_cmos rtc_cmos: alarms up to one day, 114 bytes nvram
[    3.803969] i2c /dev entries driver
[    3.804725] device-mapper: uevent: version 1.0.3
[    3.805663] device-mapper: ioctl: 4.37.0-ioctl (2017-09-20) initialised: dm-devel@redhat.com
[    3.807171] ledtrig-cpu: registered to indicate activity on CPUs
[    3.809018] NET: Registered protocol family 10
[    3.812785] Segment Routing with IPv6
[    3.813657] NET: Registered protocol family 17
[    3.814679] Key type dns_resolver registered
[    3.815629] mce: Using 0 MCE banks
[    3.816306] RAS: Correctable Errors collector initialized.
[    3.817271] sched_clock: Marking stable (3816292533, 0)->(13691176783, -9874884250)
[    3.819084] registered taskstats version 1
[    3.819834] Loading compiled-in X.509 certificates
[    3.822714] Loaded X.509 cert 'Build time autogenerated kernel key: 01a66adcc10ca4ce7676a3458c33483b0e2b806e'
[    3.834373] zswap: loaded using pool lzo/zbud
[    3.915590] Key type big_key registered
[    3.981445] Key type trusted registered
[    4.050340] Key type encrypted registered
[    4.132270] AppArmor: AppArmor sha1 policy hashing enabled
[    4.235572] ima: No TPM chip found, activating TPM-bypass! (rc=-19)
[    4.335578] ima: Allocated hash algorithm: sha1
[    4.412571] evm: HMAC attrs: 0x1
[    4.469030]   Magic number: 11:373:170
[    4.509985] rtc_cmos rtc_cmos: setting system clock to 2019-11-25 08:10:14 UTC (1574669414)
[    4.655888] BIOS EDD facility v0.16 2004-Jun-25, 0 devices found
[    4.782609] EDD information not available.
[    4.863887] Freeing unused kernel image memory: 2436K
[    4.876073] Write protecting the kernel read-only data: 20480k
[    4.883616] Freeing unused kernel image memory: 2008K
[    5.011607] Freeing unused kernel image memory: 1884K
[    5.977234] x86/mm: Checked W+X mappings: passed, no W+X pages found.
[    5.978406] x86/mm: Checking user space page tables
[    5.983555] x86/mm: Checked W+X mappings: passed, no W+X pages found.
Loading, please wait...
starting version 237
[    7.228324] e1000: Intel(R) PRO/1000 Network Driver - version 7.3.21-k8-NAPI
[    7.342256] e1000: Copyright (c) 1999-2006 Intel Corporation.
[    7.475516] Fusion MPT base driver 3.04.20
[    7.580334] Copyright (c) 1999-2008 LSI Corporation
[    7.729487] AVX2 version of gcm_enc/dec engaged.
[    7.837909] AES CTR mode by8 optimization enabled
[    7.877281] Fusion MPT SPI Host driver 3.04.20
[    7.931190] input: ImExPS/2 Generic Explorer Mouse as /devices/platform/i8042/serio1/input/input4
[    8.236447] e1000 0000:00:03.0 eth0: (PCI:33MHz:32-bit) 02:ab:ce:93:e0:e3
[    8.402060] e1000 0000:00:03.0 eth0: Intel(R) PRO/1000 Network Connection
[    8.627439] mptbase: ioc0: Initiating bringup
[    8.881106] ioc0: LSI53C1030 A0: Capabilities={Initiator}
[    9.272092] scsi host2: ioc0: LSI53C1030 A0, FwRev=00000000h, Ports=1, MaxQ=256, IRQ=20
[    9.441294] scsi 2:0:0:0: Direct-Access     VBOX     HARDDISK         1.0  PQ: 0 ANSI: 5
[    9.801641] scsi target2:0:0: Beginning Domain Validation
[    9.828600] e1000 0000:00:08.0 eth1: (PCI:33MHz:32-bit) 08:00:27:4d:d2:7c
[    9.994805] scsi target2:0:0: Domain Validation skipping write tests
[    9.997432] e1000 0000:00:08.0 eth1: Intel(R) PRO/1000 Network Connection
[    9.998505] scsi target2:0:0: Ending Domain Validation
[   10.001460] e1000 0000:00:03.0 enp0s3: renamed from eth0
[   10.002521] scsi target2:0:0: asynchronous
[   10.004098] scsi 2:0:1:0: Direct-Access     VBOX     HARDDISK         1.0  PQ: 0 ANSI: 5
[   10.092460] e1000 0000:00:08.0 enp0s8: renamed from eth1
[   10.200407] scsi target2:0:1: Beginning Domain Validation
[   10.274771] random: fast init done
[   10.276625] scsi target2:0:1: Domain Validation skipping write tests
[   10.283896] scsi target2:0:1: Ending Domain Validation
[   10.285346] scsi target2:0:1: asynchronous
[   10.291392] random: systemd-udevd: uninitialized urandom read (16 bytes read)
[   10.293243] sd 2:0:0:0: Attached scsi generic sg0 type 0
[   10.293328] random: systemd-udevd: uninitialized urandom read (16 bytes read)
[   10.297507] random: systemd-udevd: uninitialized urandom read (16 bytes read)
[   10.299135] sd 2:0:0:0: [sda] 20971520 512-byte logical blocks: (10.7 GB/10.0 GiB)
[   10.299165] sd 2:0:1:0: Attached scsi generic sg1 type 0
[   10.301064] sd 2:0:0:0: [sda] Write Protect is off
[   10.303541] sd 2:0:0:0: [sda] Incomplete mode parameter data
[   10.309075] sd 2:0:0:0: [sda] Assuming drive cache: write through
[   10.310170] sd 2:0:1:0: [sdb] 20480 512-byte logical blocks: (10.5 MB/10.0 MiB)
[   10.311471] sd 2:0:1:0: [sdb] Write Protect is off
[   10.312948] sd 2:0:1:0: [sdb] Incomplete mode parameter data
[   10.313922] sd 2:0:1:0: [sdb] Assuming drive cache: write through
[   10.316060]  sda: sda1
[   10.327812] sd 2:0:0:0: [sda] Attached SCSI disk
[   10.382440] sd 2:0:1:0: [sdb] Attached SCSI disk
Begin: Loading essential drivers ... [   11.880764] raid6: sse2x1   gen() 12988 MB/s
[   12.024403] raid6: sse2x1   xor()  9310 MB/s
[   12.192023] raid6: sse2x2   gen() 15704 MB/s
[   12.411269] raid6: sse2x2   xor() 11251 MB/s
[   12.496553] raid6: sse2x4   gen() 16379 MB/s
[   12.544279] raid6: sse2x4   xor() 10680 MB/s
[   12.756386] raid6: avx2x1   gen() 25926 MB/s
[   12.941778] raid6: avx2x1   xor() 20317 MB/s
[   13.192451] raid6: avx2x2   gen() 29607 MB/s
[   13.410613] raid6: avx2x2   xor() 22719 MB/s
[   13.576722] raid6: avx2x4   gen() 31280 MB/s
[   13.624255] raid6: avx2x4   xor() 21891 MB/s
[   13.768773] raid6: using algorithm avx2x4 gen() 31280 MB/s
[   14.034797] raid6: .... xor() 21891 MB/s, rmw enabled
[   14.241666] raid6: using avx2x2 recovery algorithm
[   14.364095] xor: automatically using best checksumming function   avx       
[   14.505774] async_tx: api initialized (async)
done.
Begin: Running /scripts/init-premount ... done.
Begin: Mounting root file system ... Beg[   14.620499] Btrfs loaded, crc32c=crc32c-intel
in: Running /scripts/local-top ... done.
Begin: Running /scripts/local-premount ... Scanning for Btrfs filesystems
done.
Warning: fsck not present, so skipping root file system
[   14.668544] EXT4-fs (sda1): mounted filesystem with ordered data mode. Opts: (null)
done.
Begin: Running /scripts/local-bottom ... done.
Begin: Running /scripts/init-bottom ... done.
[   14.876616] ip_tables: (C) 2000-2006 Netfilter Core Team
[   14.884811] systemd[1]: systemd 237 running in system mode. (+PAM +AUDIT +SELINUX +IMA +APPARMOR +SMACK +SYSVINIT +UTMP +LIBCRYPTSETUP +GCRYPT +GNUTLS +ACL +XZ +LZ4 +SECCOMP +BLKID +ELFUTILS +KMOD -IDN2 +IDN -PCRE2 default-hierarchy=hybrid)
[   14.888408] systemd[1]: Detected virtualization oracle.
[   14.889360] systemd[1]: Detected architecture x86-64.

Welcome to [1mUbuntu 18.04.3 LTS[0m!

[   14.926447] systemd[1]: Set hostname to <ubuntu-bionic>.
[   15.315575] systemd[1]: Created slice System Slice.
[[0;32m  OK  [0m] Created slice System Slice.
[   15.317727] systemd[1]: Listening on Syslog Socket.
[[0;32m  OK  [0m] Listening on Syslog Socket.
[   15.319880] systemd[1]: Created slice User and Session Slice.
[[0;32m  OK  [0m] Created slice User and Session Slice.
[   15.322078] systemd[1]: Reached target Slices.
[[0;32m  OK  [0m] Reached target Slices.
[   15.323944] systemd[1]: Listening on Journal Socket.
[[0;32m  OK  [0m] Listening on Journal Socket.
[   15.326519] systemd[1]: Mounting Kernel Debug File System...
         Mounting Kernel Debug File System...
         Starting Remount[   15.536533] EXT4-fs (sda1): re-mounted. Opts: (null)
 Root and Kernel File Systems...
         Starting Load Kernel Modules...
         Starting Uncomplicated firewall...
         Starting Create list of required stâ€¦ce nodes for the current kernel...
[   15.755582] Loading iSCSI transport class v2.0-870.
[[0;32m  OK  [0m] Reached target System Time Synchronized.
[[0;32m  OK  [0m] Listening on Network Service Netlink Socket.[   15.762862] iscsi: registered transport (tcp)

         Mounting Huge Pages File System...
[[0;32m  OK  [0m] Started Forward Password Requests to Wall Directory Watch.
[[0;32m  OK  [0m] Set up automount Arbitrary Executabâ€¦rmats File System Automount Point.
[[0;32m  OK  [0m] Listening on Journal Socket (/dev/log).
[[0;32m  OK  [0m] Listening on Journal Audit Socket.
         Starting Journal Service...
[[0;32m  OK  [0m] Created slice system-serial\x2dgetty.slice.
[[0;32m  OK  [0m] Listening on LVM2 metadata daemon socket.
[[0;32m  OK  [0[   15.784597] iscsi: registered transport (iser)
m] Reached target Swap.
[[0;32m  OK  [0m] Listening on /dev/initctl Compatibility Named Pipe.
         Mounting POSIX Message Queue File System...
         Starting Set the console keyboard layout...
[[0;32m  OK  [0m] Listening on udev Control Socket.
[[0;32m  OK  [0m] Reached target User and Group Name Lookups.
[[0;32m  OK  [0m] Listening on LVM2 poll daemon socket.
[[0;32m  OK  [0m] Listening on udev Kernel Socket.
         Starting udev Coldplug all Devices...
[[0;32m  OK  [0m] Listening on Device-mapper event daemon FIFOs.
         Starting Monitoring of LVM2 mirrorsâ€¦ng dmeventd or progress polling...
[[0;32m  OK  [0m] Started Journal Service.
[[0;32m  OK  [0m] Mounted Kernel Debug File System.
[[0;32m  OK  [0m] Started Remount Root and Kernel File Systems.
[[0;32m  OK  [0m] Started Load Kernel Modules.
[[0;32m  OK  [0m] Started Uncomplicated firewall.
[[0;32m  OK  [0m] Started Create list of required staâ€¦vice nodes for the current kernel.
[[0;32m  OK  [0m] Mounted Huge Pages File System.
[[0;32m  OK  [0m] Mounted POSIX Message Queue File System.
[[0;32m  OK  [0m] Started LVM2 metadata daemon.
         Starting Create Static Device Nodes in /dev...
         Mounting FUSE Control File System...
         Starting Apply Kernel Variables...
         Mounting Kernel Configuration File System...
         Starting Load/Save Random Seed...
         Starting Flush Journal to Persistent Storage...
[[0;32m  OK  [0m] Started Monitoring of LVM2 mirrors,â€¦sing dmeventd or progress polling.
[[0;32m  OK  [0m] Started udev Coldplug all Devices.
[[0;32m  OK  [0m] Started Create Static Device Nodes in /dev.
[[0;32m  OK  [0m] Mounted FUSE Control File System.
[[0;32m  OK  [0m] Started Apply Kernel Variables.
[[0;32m  OK  [0m] Mounted Kernel Configuration File System.
[[0;32m  OK  [0m] Started Load/Save Random Seed.
         Starting udev Kernel Device Manager...
[[0;32m  OK  [0m] Started udev Kernel Device Manager.
[[0;32m  OK  [0m] Started Flush Journal to Persistent Storage.
[[0;32m  OK  [0m] Found device /dev/ttyS0.
[[0;32m  OK  [0m] Listening on Load/Save RF Kill Switch Status /dev/rfkill Watch.
[[0;32m  OK  [0m] Started Set the console keyboard layout.
[[0;32m  OK  [0m] Started Dispatch Password Requests to Console Directory Watch.
[[0;32m  OK  [0m] Reached target Local Encrypted Volumes.
[[0;32m  OK  [0m] Reached target Local File Systems (Pre).
[[0;32m  OK  [0m] Reached target Local File Systems.
         Starting Create Volatile Files and Directories...
         Starting Set console font and keymap...
         Starting Tell Plymouth To Write Out Runtime Data...
         Starting ebtables ruleset management...
         Starting AppArmor initialization...
[[0;32m  OK  [0m] Started Create Volatile Files and Directories.
[[0;32m  OK  [0m] Started Set console font and keymap.
         Starting Update UTMP about System Boot/Shutdown...
[[0;32m  OK  [0m] Started Tell Plymouth To Write Out Runtime Data.
[[0;32m  OK  [0m] Started Update UTMP about System Boot/Shutdown.
[[0;32m  OK  [0m] Started ebtables ruleset management.
[[0;32m  OK  [0m] Started AppArmor initialization.
         Starting Initial cloud-init job (pre-networking)...
[   17.934396] cloud-init[705]: Cloud-init v. 19.2-24-ge7881d5c-0ubuntu1~18.04.1 running 'init-local' at Mon, 25 Nov 2019 08:10:27 +0000. Up 17.72 seconds.
[[0;32m  OK  [0m] Started Initial cloud-init job (pre-networking).
[[0;32m  OK  [0m] Reached target Network (Pre).
         Starting Network Service...
[[0;32m  OK  [0m] Started Network Service.
         Starting Network Name Resolution...
         Starting Wait for Network to be Configured...
[[0;32m  OK  [0m] Started Network Name Resolution.
[[0;32m  OK  [0m] Reached target Host and Network Name Lookups.
[[0;32m  OK  [0m] Reached target Network.
[[0;32m  OK  [0m] Started Wait for Network to be Configured.
         Starting Initial cloud-init job (metadata service crawler)...
[   20.770859] cloud-init[833]: Cloud-init v. 19.2-24-ge7881d5c-0ubuntu1~18.04.1 running 'init' at Mon, 25 Nov 2019 08:10:30 +0000. Up 20.65 seconds.
[   20.775559] cloud-init[833]: ci-info: ++++++++++++++++++++++++++++++++++++++Net device info+++++++++++++++++++++++++++++++++++++++
[   20.777365] cloud-init[833]: ci-info: +--------+------+-----------------------------+---------------+--------+-------------------+
[   20.800323] cloud-init[833]: ci-info: | Device |  Up  |           Address           |      Mask     | Scope  |     Hw-Address    |
[   20.844589] cloud-init[833]: ci-info: +--------+------+-----------------------------+---------------+--------+-------------------+
[   20.848679] cloud-init[833]: ci-info: | enp0s3 | True |          10.0.2.15          | 255.255.255.0 | global | 02:ab:ce:93:e0:e3 |
[   20.850512] cloud-init[833]: ci-info: | enp0s3 | True |  fe80::ab:ceff:fe93:e0e3/64 |       .       |  link  | 02:ab:ce:93:e0:e3 |
[   20.852327] cloud-init[833]: ci-info: | enp0s8 | True |        192.168.33.10        | 255.255.255.0 | global | 08:00:27:4d:d2:7c |
[   20.854042] cloud-init[833]: ci-info: | enp0s8 | True | fe80::a00:27ff:fe4d:d27c/64 |       .       |  link  | 08:00:27:4d:d2:7c |
[   20.857249] cloud-init[833]: ci-info: |   lo   | True |          127.0.0.1          |   255.0.0.0   |  host  |         .         |
[   20.858983] cloud-init[833]: ci-info: |   lo   | True |           ::1/128           |       .       |  host  |         .         |
[   20.860724] cloud-init[833]: ci-info: +--------+------+-----------------------------+---------------+--------+-------------------+
[   20.877354] cloud-init[833]: ci-info: +++++++++++++++++++++++++++++Route IPv4 info+++++++++++++++++++++++++++++
[   20.878875] cloud-init[833]: ci-info: +-------+--------------+----------+-----------------+-----------+-------+
[   20.880356] cloud-init[833]: ci-info: | Route | Destination  | Gateway  |     Genmask     | Interface | Flags |
[   20.881825] cloud-init[833]: ci-info: +-------+--------------+----------+-----------------+-----------+-------+
[   20.883286] cloud-init[833]: ci-info: |   0   |   0.0.0.0    | 10.0.2.2 |     0.0.0.0     |   enp0s3  |   UG  |
[   20.884761] cloud-init[833]: ci-info: |   1   |   10.0.2.0   | 0.0.0.0  |  255.255.255.0  |   enp0s3  |   U   |
[   20.886211] cloud-init[833]: ci-info: |   2   |   10.0.2.2   | 0.0.0.0  | 255.255.255.255 |   enp0s3  |   UH  |
[   20.887662] cloud-init[833]: ci-info: |   3   | 192.168.33.0 | 0.0.0.0  |  255.255.255.0  |   enp0s8  |   U   |
[   20.889139] cloud-init[833]: ci-info: +-------+--------------+----------+-----------------+-----------+-------+
[   20.907444] cloud-init[833]: ci-info: +++++++++++++++++++Route IPv6 info+++++++++++++++++++
[   20.908782] cloud-init[833]: ci-info: +-------+-------------+---------+-----------+-------+
[   20.909997] cloud-init[833]: ci-info: | Route | Destination | Gateway | Interface | Flags |
[   20.911251] cloud-init[833]: ci-info: +-------+-------------+---------+-----------+-------+
[   20.912500] cloud-init[833]: ci-info: |   1   |  fe80::/64  |    ::   |   enp0s8  |   U   |
[   20.924229] cloud-init[833]: ci-info: |   2   |  fe80::/64  |    ::   |   enp0s3  |   U   |
[[   20.992718] cloud-init[833]: ci-info: |   4   |    local    |    ::   |   enp0s3  |   U   |
[   20.993291] cloud-init[833]: ci-info: |   5   |    local    |    ::   |   enp0s8  |   U   |
[0;32m  OK  [0m] Started Initial cloud-init job (metadata service crawler).
[   20.993633] cloud-init[833]: ci-info: |   6   |   ff00::/8  |    ::   |   enp0s8  |   U   |
[[   21.149083] cloud-init[833]: ci-info: |   7   |   ff00::/8  |    ::   |   enp0s3  |   U   |
[   21.149551] cloud-init[833]: ci-info: +-------+-------------+---------+-----------+-------+
[0;32m  OK  [0m] Reached target System Initialization.
[[0;32m  OK  [0m] Started Daily Cleanup of Temporary Directories.
[[0;32m  OK  [0m] Listening on UUID daemon activation socket.
[[0;32m  OK  [0m] Listening on D-Bus System Message Bus Socket.
[[0;32m  OK  [0m] Started ACPI Events Check.
[[0;32m  OK  [0m] Reached target Paths.
[[0;32m  OK  [0m] Started Daily apt download activities.
[[0;32m  OK  [0m] Started Message of the Day.
[[0;32m  OK  [0m] Started Discard unused blocks once a week.
[[0;32m  OK  [0m] Listening on ACPID Listen Socket.
[[0;32m  OK  [0m] Started Daily apt upgrade and clean activities.
[[0;32m  OK  [0m] Reached target Timers.
         Starting LXD - unix socket.
[[0;32m  OK  [0m] Listening on Open-iSCSI iscsid Socket.
         Starting Socket activation for snappy daemon.
[[0;32m  OK  [0m] Reached target Network is Online.
[[0;32m  OK  [0m] Reached target Remote File Systems (Pre).
[[0;32m  OK  [0m] Reached target Remote File Systems.
         Starting Availability of block devices...
[[0;32m  OK  [0m] Reached target Cloud-config availability.
[[0;32m  OK  [0m] Listening on LXD - unix socket.
[[0;32m  OK  [0m] Listening on Socket activation for snappy daemon.
[[0;32m  OK  [0m] Started Availability of block devices.
[[0;32m  OK  [0m] Reached target Sockets.
[[0;32m  OK  [0m] Reached target Basic System.
         Starting LXD - container startup/shutdown...
         Starting Message of the Day...
         Starting LSB: automatic crash report generation...
         Starting vboxadd.service...
         Starting Accounts Service...
[[0;32m  OK  [0m] Started FUSE filesystem for LXC.
[[0;32m  OK  [0m] Started D-Bus System Message Bus.
         Starting LSB: Record successful boot for GRUB...
[[0;32m  OK  [0m] Started Deferred execution scheduler.
[[0;32m  OK  [0m] Started Regular background program processing daemon.
[[0;32m  OK  [0m] Started irqbalance daemon.
         Starting Login Service...
         Starting Discard unused blocks...
         Starting Dispatcher daemon for systemd-networkd...
         Starting System Logging Service...
         Starting OpenBSD Secure Shell server...
         Starting Permit User Sessions...
         Starting Snappy daemon...
[[0;32m  OK  [0m] Started System Logging Service.
[[0;32m  OK  [0m] Started LXD - container startup/shutdown.
[[0;32m  OK  [0m] Started vboxadd.service.
[[0;32m  OK  [0m] Started Discard unused blocks.
[[0;32m  OK  [0m] Started Permit User Sessions.
[[0;32m  OK  [0m] Started OpenBSD Secure Shell server.
[[0;32m  OK  [0m] Started Login Service.
[[0;32m  OK  [0m] Started Unattended Upgrades Shutdown.
         Starting Authorization Manager...
         Starting Hold until boot process finishes up...
         Starting Terminate Plymouth Boot Screen...
         Starting vboxadd-service.service...
[[0;32m  OK  [0m] Started Hold until boot process finishes up.
         Starting Set console scheme...
[[0;32m  OK  [0m] Started Serial Getty on ttyS0.
[[0;32m  OK  [0m] Started Terminate Plymouth Boot Screen.
[[0;32m  OK  [0m] Started Authorization Manager.
[[0;32m  OK  [0m] Started Dispatcher daemon for systemd-networkd.
[[0;32m  OK  [0m] Started LSB: automatic crash report generation.
[[0;32m  OK  [0m] Started Set console scheme.
[[0;32m  OK  [0m] Started Accounts Service.
[[0;32m  OK  [0m] Created slice system-getty.slice.
[[0;32m  OK  [0m] Started Getty on tty1.
[[0;32m  OK  [0m] Reached target Login Prompts.
[[0;32m  OK  [0m] Started LSB: Record successful boot for GRUB.
[[0;32m  OK  [0m] Started vboxadd-service.service.
[[0;32m  OK  [0m] Started Snappy daemon.
         Starting Wait until snapd is fully seeded...
[[0;32m  OK  [0m] Started Wait until snapd is fully seeded.
[[0;32m  OK  [0m] Reached target Multi-User System.
[[0;32m  OK  [0m] Reached target Graphical Interface.
         Starting Update UTMP about System Runlevel Changes...
         Starting Apply the settings specified in cloud-config...
[[0;32m  OK  [0m] Started Update UTMP about System Runlevel Changes.
[   23.131060] cloud-init[1396]: Cloud-init v. 19.2-24-ge7881d5c-0ubuntu1~18.04.1 running 'modules:config' at Mon, 25 Nov 2019 08:10:33 +0000. Up 23.04 seconds.
[[0;32m  OK  [0m] Started Apply the settings specified in cloud-config.
         Starting Execute cloud user/final scripts...
[[0;32m  OK  [0m] Started Message of the Day.
[   23.742091] cloud-init[1463]: Cloud-init v. 19.2-24-ge7881d5c-0ubuntu1~18.04.1 running 'modules:final' at Mon, 25 Nov 2019 08:10:33 +0000. Up 23.64 seconds.
[[0;32m  OK  [0m] Started Execute cloud user/final scripts.
[[0;32m  OK  [0m] Reached target Cloud-init target.
[   23.881317] cloud-init[1463]: Cloud-init v. 19.2-24-ge7881d5c-0ubuntu1~18.04.1 finished at Mon, 25 Nov 2019 08:10:33 +0000. Datasource DataSourceNoCloud [seed=/dev/sdb][dsmode=net].  Up 23.73 seconds

Ubuntu 18.04.3 LTS ubuntu-bionic ttyS0

ubuntu-bionic login: 